[
  {
    "sha": "131cb13f4aed12e725177bc4b7c28db67839bf9f",
    "message": "update files",
    "author": {
      "name": "Jane Citizen",
      "email": "jane@example.com",
      "date": "2018-07-04T16:01:42Z",
      "login": "jcitizen",
      "avatar": "https://www.gravatar.com/avatar/9e26471d35a78862c17e467d87cddedf.jpg"
    },
    "committer": {
      "name": "Jane Citizen",
      "email": "jane@example.com",
      "date": "2018-07-04T16:01:42Z",
      "login": "jcitizen",
      "avatar": "https://www.gravatar.com/avatar/9e26471d35a78862c17e467d87cddedf.jpg"
    },
    "link": ""
  },
  {
    "sha": "4f4b0ef1714a5b6cafdaf2f53c7f5f5b38fb9348",
    "message": "second commit",
    "author": {
      "name": "Jane Citizen",
      "email": "jane@example.com",
      "date": "2018-07-04T15:58:10Z",
      "login": "jcitizen",
      "avatar": "https://www.gravatar.com/avatar/9e26471d35a78862c17e467d87cddedf.jpg"
    },
    "committer": {
      "name": "Jane Citizen",
      "email": "jane@example.com",
      "date": "2018-07-04T15:58:10Z",
      "login": "jcitizen",
      "avatar": "https://www.gravatar.com/avatar/9e26471d35a78862c17e467d87cddedf.jpg"
    },
    "link": ""
  }
]