[
    {
        "Sha": "7fd1a60b01f91b314f59955a4e4d4e80d8edf11d",
        "Message": "Add feature X to improve performance",
        "Tree": {
            "Sha": "b4eecafa9be2f2006ce1b709d6857b07069b4608",
            "Link": "https://api.github.com/repos/octocat/Hello-World/git/trees/b4eecafa9be2f2006ce1b709d6857b07069b4608"
        },
        "Author": {
            "ID": 583231,
            "Name": "The Octocat",
            "Email": "octocat@nowhere.com",
            "Date": "2012-03-06T23:06:50Z",
            "Login": "octocat",
            "Avatar": "https://avatars3.githubusercontent.com/u/583231?v=4"
        },
        "Committer": {
            "ID": 583231,
            "Name": "The Octocat",
            "Email": "octocat@nowhere.com",
            "Date": "2012-03-06T23:06:50Z",
            "Login": "octocat",
            "Avatar": "https://avatars3.githubusercontent.com/u/583231?v=4"
        },
        "Link": "https://github.com/octocat/Hello-World/commit/7fd1a60b01f91b314f59955a4e4d4e80d8edf11d"
    },
    {
        "Sha": "553c2077f0edc3d5dc5d17262f6aa498e69d6f8e",
        "Message": "Fix bug in error handling logic",
        "Tree": {
            "Sha": "a1b2c3d4e5f6789012345678901234567890abcd",
            "Link": "https://api.github.com/repos/octocat/Hello-World/git/trees/a1b2c3d4e5f6789012345678901234567890abcd"
        },
        "Author": {
            "ID": 123456,
            "Name": "Jane Developer",
            "Email": "jane@example.com",
            "Date": "2012-03-05T10:15:30Z",
            "Login": "janedev",
            "Avatar": "https://avatars3.githubusercontent.com/u/123456?v=4"
        },
        "Committer": {
            "ID": 123456,
            "Name": "Jane Developer",
            "Email": "jane@example.com",
            "Date": "2012-03-05T10:15:30Z",
            "Login": "janedev",
            "Avatar": "https://avatars3.githubusercontent.com/u/123456?v=4"
        },
        "Link": "https://github.com/octocat/Hello-World/commit/553c2077f0edc3d5dc5d17262f6aa498e69d6f8e"
    }
]